// Jest Snapshot v1, https://goo.gl/fbAQLP

exports[`Display Unit test Matches the snapshot 1`] = `
<Component
  style={
    Object {
      "alignItems": "center",
      "backgroundColor": "#fff",
      "flex": 1,
      "justifyContent": "flex-start",
    }
  }
>
  <TextInput
    allowFontScaling={true}
    onChangeText={[Function]}
    style={
      Object {
        "borderColor": "gray",
        "borderWidth": 1,
        "height": 40,
        "width": 300,
      }
    }
    value=""
  />
  <Keyboard
    handleInput={[Function]}
  />
</Component>
`;
